> Task :clean
> Task :app:clean
> Task :app:checkKotlinGradlePluginConfigurationErrors
> Task :app:preBuild UP-TO-DATE
> Task :app:preDebugBuild UP-TO-DATE
> Task :app:dataBindingMergeDependencyArtifactsDebug
> Task :app:generateDebugResValues FROM-CACHE
> Task :app:generateDebugResources FROM-CACHE
> Task :app:mergeDebugResources FROM-CACHE
> Task :app:packageDebugResources FROM-CACHE
> Task :app:processDebugNavigationResources FROM-CACHE
> Task :app:parseDebugLocalResources FROM-CACHE
> Task :app:dataBindingGenBaseClassesDebug FROM-CACHE
> Task :app:generateDebugBuildConfig FROM-CACHE
> Task :app:compileDebugNavigationResources FROM-CACHE
> Task :app:checkDebugAarMetadata
> Task :app:mapDebugSourceSetPaths
> Task :app:createDebugCompatibleScreenManifests
> Task :app:extractDeepLinksDebug FROM-CACHE
> Task :app:processDebugMainManifest FROM-CACHE
> Task :app:processDebugManifest FROM-CACHE
> Task :app:processDebugManifestForPackage FROM-CACHE
> Task :app:processDebugResources FROM-CACHE
> Task :app:javaPreCompileDebug FROM-CACHE

> Task :app:compileDebugKotlin FAILED
e: file:///C:/Users/tinyg/Asachiru/app/src/main/java/com/tinygc/asachiru/presentation/main/NewsReadingStateMachine.kt:243:79 Unresolved reference: currentArticles

[Incubating] Problems report is available at: file:///C:/Users/tinyg/Asachiru/build/reports/problems/problems-report.html

FAILURE: Build failed with an exception.

* What went wrong:
Execution failed for task ':app:compileDebugKotlin'.
> A failure occurred while executing org.jetbrains.kotlin.compilerRunner.GradleCompilerRunnerWithWorkers$GradleKotlinCompilerWorkAction
   > Compilation error. See log for more details

* Try:
> Run with --stacktrace option to get the stack trace.
> Run with --info or --debug option to get more log output.
> Run with --scan to get full insights.
> Get more help at https://help.gradle.org.

Deprecated Gradle features were used in this build, making it incompatible with Gradle 9.0.

You can use '--warning-mode all' to show the individual deprecation warnings and determine if they come from your own scripts or plugins.

For more on this, please refer to https://docs.gradle.org/8.13/userguide/command_line_interface.html#sec:command_line_warnings in the Gradle documentation.

BUILD FAILED in 6s
23 actionable tasks: 8 executed, 15 from cache
