To honour the JVM settings for this build a single-use Daemon process will be forked. For more on this, please refer to https://docs.gradle.org/8.13/userguide/gradle_daemon.html#sec:disabling_the_daemon in the Gradle documentation.
Daemon will be stopped at the end of the build 
> Task :app:checkKotlinGradlePluginConfigurationErrors
> Task :app:preBuild UP-TO-DATE
> Task :app:preAsachiruDebugBuild UP-TO-DATE
> Task :app:dataBindingMergeDependencyArtifactsAsachiruDebug UP-TO-DATE
> Task :app:generateAsachiruDebugResValues UP-TO-DATE
> Task :app:generateAsachiruDebugResources UP-TO-DATE
> Task :app:mergeAsachiruDebugResources UP-TO-DATE
> Task :app:packageAsachiruDebugResources UP-TO-DATE
> Task :app:processAsachiruDebugNavigationResources UP-TO-DATE
> Task :app:parseAsachiruDebugLocalResources UP-TO-DATE
> Task :app:dataBindingGenBaseClassesAsachiruDebug UP-TO-DATE
> Task :app:generateAsachiruDebugBuildConfig UP-TO-DATE
> Task :app:checkAsachiruDebugAarMetadata UP-TO-DATE
> Task :app:compileAsachiruDebugNavigationResources UP-TO-DATE
> Task :app:mapAsachiruDebugSourceSetPaths UP-TO-DATE
> Task :app:createAsachiruDebugCompatibleScreenManifests UP-TO-DATE
> Task :app:extractDeepLinksAsachiruDebug UP-TO-DATE
> Task :app:processAsachiruDebugMainManifest UP-TO-DATE
> Task :app:processAsachiruDebugManifest UP-TO-DATE
> Task :app:processAsachiruDebugManifestForPackage UP-TO-DATE
> Task :app:processAsachiruDebugResources UP-TO-DATE
> Task :app:compileAsachiruDebugKotlin UP-TO-DATE
> Task :app:javaPreCompileAsachiruDebug UP-TO-DATE
> Task :app:compileAsachiruDebugJavaWithJavac UP-TO-DATE
> Task :app:preAsachiruDebugUnitTestBuild UP-TO-DATE
> Task :app:javaPreCompileAsachiruDebugUnitTest FROM-CACHE
> Task :app:mergeAsachiruDebugShaders UP-TO-DATE
> Task :app:compileAsachiruDebugShaders NO-SOURCE
> Task :app:generateAsachiruDebugAssets UP-TO-DATE
> Task :app:mergeAsachiruDebugAssets UP-TO-DATE
> Task :app:bundleAsachiruDebugClassesToRuntimeJar
> Task :app:bundleAsachiruDebugClassesToCompileJar
> Task :app:packageAsachiruDebugUnitTestForUnitTest
> Task :app:processAsachiruDebugUnitTestManifest
> Task :app:generateAsachiruDebugUnitTestConfig
> Task :app:processAsachiruDebugJavaRes UP-TO-DATE
> Task :app:buildKotlinToolingMetadata UP-TO-DATE
> Task :app:preAsachiruReleaseBuild UP-TO-DATE
> Task :app:dataBindingMergeDependencyArtifactsAsachiruRelease UP-TO-DATE
> Task :app:generateAsachiruReleaseResValues UP-TO-DATE
> Task :app:generateAsachiruReleaseResources UP-TO-DATE
> Task :app:mergeAsachiruReleaseResources UP-TO-DATE
> Task :app:packageAsachiruReleaseResources UP-TO-DATE
> Task :app:processAsachiruReleaseNavigationResources UP-TO-DATE
> Task :app:parseAsachiruReleaseLocalResources UP-TO-DATE
> Task :app:dataBindingGenBaseClassesAsachiruRelease FROM-CACHE
> Task :app:generateAsachiruReleaseBuildConfig UP-TO-DATE
> Task :app:checkAsachiruReleaseAarMetadata UP-TO-DATE
> Task :app:compileAsachiruReleaseNavigationResources UP-TO-DATE
> Task :app:mapAsachiruReleaseSourceSetPaths UP-TO-DATE
> Task :app:createAsachiruReleaseCompatibleScreenManifests UP-TO-DATE
> Task :app:extractDeepLinksAsachiruRelease UP-TO-DATE
> Task :app:processAsachiruReleaseMainManifest UP-TO-DATE
> Task :app:processAsachiruReleaseManifest UP-TO-DATE
> Task :app:processAsachiruReleaseManifestForPackage UP-TO-DATE
> Task :app:javaPreCompileAsachiruRelease UP-TO-DATE
> Task :app:preAsachiruReleaseUnitTestBuild UP-TO-DATE
> Task :app:javaPreCompileAsachiruReleaseUnitTest FROM-CACHE
> Task :app:mergeAsachiruReleaseShaders UP-TO-DATE
> Task :app:compileAsachiruReleaseShaders NO-SOURCE
> Task :app:generateAsachiruReleaseAssets UP-TO-DATE
> Task :app:mergeAsachiruReleaseAssets UP-TO-DATE
> Task :app:processAsachiruReleaseUnitTestManifest
> Task :app:preFeedwatchDebugBuild UP-TO-DATE
> Task :app:dataBindingMergeDependencyArtifactsFeedwatchDebug UP-TO-DATE
> Task :app:generateFeedwatchDebugResValues UP-TO-DATE
> Task :app:generateFeedwatchDebugResources UP-TO-DATE
> Task :app:mergeFeedwatchDebugResources UP-TO-DATE
> Task :app:packageFeedwatchDebugResources UP-TO-DATE
> Task :app:processFeedwatchDebugNavigationResources UP-TO-DATE
> Task :app:parseFeedwatchDebugLocalResources UP-TO-DATE
> Task :app:dataBindingGenBaseClassesFeedwatchDebug UP-TO-DATE
> Task :app:generateFeedwatchDebugBuildConfig UP-TO-DATE
> Task :app:checkFeedwatchDebugAarMetadata UP-TO-DATE
> Task :app:compileFeedwatchDebugNavigationResources UP-TO-DATE
> Task :app:mapFeedwatchDebugSourceSetPaths UP-TO-DATE
> Task :app:createFeedwatchDebugCompatibleScreenManifests UP-TO-DATE
> Task :app:extractDeepLinksFeedwatchDebug UP-TO-DATE
> Task :app:processFeedwatchDebugMainManifest UP-TO-DATE
> Task :app:processFeedwatchDebugManifest UP-TO-DATE
> Task :app:processFeedwatchDebugManifestForPackage UP-TO-DATE
> Task :app:processFeedwatchDebugResources UP-TO-DATE
> Task :app:compileFeedwatchDebugKotlin UP-TO-DATE
> Task :app:javaPreCompileFeedwatchDebug UP-TO-DATE
> Task :app:compileFeedwatchDebugJavaWithJavac UP-TO-DATE
> Task :app:preFeedwatchDebugUnitTestBuild UP-TO-DATE
> Task :app:javaPreCompileFeedwatchDebugUnitTest FROM-CACHE
> Task :app:mergeFeedwatchDebugShaders UP-TO-DATE
> Task :app:compileFeedwatchDebugShaders NO-SOURCE
> Task :app:generateFeedwatchDebugAssets UP-TO-DATE
> Task :app:mergeFeedwatchDebugAssets UP-TO-DATE
> Task :app:packageFeedwatchDebugUnitTestForUnitTest
> Task :app:bundleFeedwatchDebugClassesToRuntimeJar
> Task :app:bundleFeedwatchDebugClassesToCompileJar
> Task :app:processFeedwatchDebugUnitTestManifest
> Task :app:generateFeedwatchDebugUnitTestConfig
> Task :app:processFeedwatchDebugJavaRes UP-TO-DATE
> Task :app:preFeedwatchReleaseBuild UP-TO-DATE
> Task :app:dataBindingMergeDependencyArtifactsFeedwatchRelease
> Task :app:generateFeedwatchReleaseResValues FROM-CACHE
> Task :app:generateFeedwatchReleaseResources FROM-CACHE
> Task :app:processAsachiruReleaseResources
> Task :app:packageAsachiruReleaseUnitTestForUnitTest
> Task :app:generateAsachiruReleaseUnitTestConfig
> Task :app:packageFeedwatchReleaseResources
> Task :app:processFeedwatchReleaseNavigationResources FROM-CACHE
> Task :app:parseFeedwatchReleaseLocalResources FROM-CACHE
> Task :app:generateFeedwatchReleaseBuildConfig FROM-CACHE
> Task :app:compileFeedwatchReleaseNavigationResources FROM-CACHE
> Task :app:checkFeedwatchReleaseAarMetadata
> Task :app:mapFeedwatchReleaseSourceSetPaths
> Task :app:createFeedwatchReleaseCompatibleScreenManifests
> Task :app:extractDeepLinksFeedwatchRelease FROM-CACHE
> Task :app:processFeedwatchReleaseMainManifest FROM-CACHE
> Task :app:processFeedwatchReleaseManifest FROM-CACHE
> Task :app:processFeedwatchReleaseManifestForPackage FROM-CACHE
> Task :app:javaPreCompileFeedwatchRelease FROM-CACHE
> Task :app:preFeedwatchReleaseUnitTestBuild UP-TO-DATE
> Task :app:javaPreCompileFeedwatchReleaseUnitTest FROM-CACHE
> Task :app:mergeFeedwatchReleaseShaders
> Task :app:compileFeedwatchReleaseShaders NO-SOURCE
> Task :app:generateFeedwatchReleaseAssets UP-TO-DATE
> Task :app:mergeFeedwatchReleaseAssets
> Task :app:processFeedwatchReleaseUnitTestManifest
> Task :app:mergeFeedwatchReleaseResources

> Task :app:compileAsachiruDebugUnitTestKotlin
w: file:///C:/Users/tinyg/Asachiru/app/src/test/java/com/tinygc/asachiru/domain/common/AppExceptionTest.kt:17:20 Check for instance is always 'true'
w: file:///C:/Users/tinyg/Asachiru/app/src/test/java/com/tinygc/asachiru/domain/common/AppExceptionTest.kt:19:20 Check for instance is always 'true'
w: file:///C:/Users/tinyg/Asachiru/app/src/test/java/com/tinygc/asachiru/domain/common/AppExceptionTest.kt:32:20 Check for instance is always 'true'
w: file:///C:/Users/tinyg/Asachiru/app/src/test/java/com/tinygc/asachiru/domain/common/AppExceptionTest.kt:46:20 Check for instance is always 'true'
w: file:///C:/Users/tinyg/Asachiru/app/src/test/java/com/tinygc/asachiru/domain/common/AppExceptionTest.kt:59:20 Check for instance is always 'true'
w: file:///C:/Users/tinyg/Asachiru/app/src/test/java/com/tinygc/asachiru/domain/common/AppExceptionTest.kt:72:20 Check for instance is always 'true'
w: file:///C:/Users/tinyg/Asachiru/app/src/test/java/com/tinygc/asachiru/domain/common/AppExceptionTest.kt:73:20 Check for instance is always 'true'
w: file:///C:/Users/tinyg/Asachiru/app/src/test/java/com/tinygc/asachiru/domain/common/AppExceptionTest.kt:74:20 Check for instance is always 'true'
w: file:///C:/Users/tinyg/Asachiru/app/src/test/java/com/tinygc/asachiru/domain/common/AppExceptionTest.kt:75:20 Check for instance is always 'true'
w: file:///C:/Users/tinyg/Asachiru/app/src/test/java/com/tinygc/asachiru/domain/common/AppExceptionTest.kt:94:24 Check for instance is always 'true'
w: file:///C:/Users/tinyg/Asachiru/app/src/test/java/com/tinygc/asachiru/domain/common/AppExceptionTest.kt:95:24 Check for instance is always 'true'
w: file:///C:/Users/tinyg/Asachiru/app/src/test/java/com/tinygc/asachiru/domain/common/ResultTest.kt:17:20 Check for instance is always 'true'
w: file:///C:/Users/tinyg/Asachiru/app/src/test/java/com/tinygc/asachiru/domain/common/ResultTest.kt:30:20 Check for instance is always 'true'
w: file:///C:/Users/tinyg/Asachiru/app/src/test/java/com/tinygc/asachiru/domain/common/ResultTest.kt:41:20 Check for instance is always 'true'
w: file:///C:/Users/tinyg/Asachiru/app/src/test/java/com/tinygc/asachiru/domain/common/ResultTest.kt:42:20 Check for instance is always 'true'
w: file:///C:/Users/tinyg/Asachiru/app/src/test/java/com/tinygc/asachiru/domain/common/ResultTest.kt:54:20 Check for instance is always 'true'
w: file:///C:/Users/tinyg/Asachiru/app/src/test/java/com/tinygc/asachiru/domain/common/ResultTest.kt:56:20 Check for instance is always 'true'
w: file:///C:/Users/tinyg/Asachiru/app/src/test/java/com/tinygc/asachiru/domain/common/ResultTest.kt:58:20 Check for instance is always 'true'
w: file:///C:/Users/tinyg/Asachiru/app/src/test/java/com/tinygc/asachiru/presentation/main/views/WeatherViewTest.kt:205:9 Name contains characters which can cause problems on Windows: %

> Task :app:dataBindingGenBaseClassesFeedwatchRelease FROM-CACHE
> Task :app:compileAsachiruDebugUnitTestJavaWithJavac NO-SOURCE
> Task :app:processAsachiruDebugUnitTestJavaRes

> Task :app:compileFeedwatchDebugUnitTestKotlin
w: file:///C:/Users/tinyg/Asachiru/app/src/test/java/com/tinygc/asachiru/domain/common/AppExceptionTest.kt:17:20 Check for instance is always 'true'
w: file:///C:/Users/tinyg/Asachiru/app/src/test/java/com/tinygc/asachiru/domain/common/AppExceptionTest.kt:19:20 Check for instance is always 'true'
w: file:///C:/Users/tinyg/Asachiru/app/src/test/java/com/tinygc/asachiru/domain/common/AppExceptionTest.kt:32:20 Check for instance is always 'true'
w: file:///C:/Users/tinyg/Asachiru/app/src/test/java/com/tinygc/asachiru/domain/common/AppExceptionTest.kt:46:20 Check for instance is always 'true'
w: file:///C:/Users/tinyg/Asachiru/app/src/test/java/com/tinygc/asachiru/domain/common/AppExceptionTest.kt:59:20 Check for instance is always 'true'
w: file:///C:/Users/tinyg/Asachiru/app/src/test/java/com/tinygc/asachiru/domain/common/AppExceptionTest.kt:72:20 Check for instance is always 'true'
w: file:///C:/Users/tinyg/Asachiru/app/src/test/java/com/tinygc/asachiru/domain/common/AppExceptionTest.kt:73:20 Check for instance is always 'true'
w: file:///C:/Users/tinyg/Asachiru/app/src/test/java/com/tinygc/asachiru/domain/common/AppExceptionTest.kt:74:20 Check for instance is always 'true'
w: file:///C:/Users/tinyg/Asachiru/app/src/test/java/com/tinygc/asachiru/domain/common/AppExceptionTest.kt:75:20 Check for instance is always 'true'
w: file:///C:/Users/tinyg/Asachiru/app/src/test/java/com/tinygc/asachiru/domain/common/AppExceptionTest.kt:94:24 Check for instance is always 'true'
w: file:///C:/Users/tinyg/Asachiru/app/src/test/java/com/tinygc/asachiru/domain/common/AppExceptionTest.kt:95:24 Check for instance is always 'true'
w: file:///C:/Users/tinyg/Asachiru/app/src/test/java/com/tinygc/asachiru/domain/common/ResultTest.kt:17:20 Check for instance is always 'true'
w: file:///C:/Users/tinyg/Asachiru/app/src/test/java/com/tinygc/asachiru/domain/common/ResultTest.kt:30:20 Check for instance is always 'true'
w: file:///C:/Users/tinyg/Asachiru/app/src/test/java/com/tinygc/asachiru/domain/common/ResultTest.kt:41:20 Check for instance is always 'true'
w: file:///C:/Users/tinyg/Asachiru/app/src/test/java/com/tinygc/asachiru/domain/common/ResultTest.kt:42:20 Check for instance is always 'true'
w: file:///C:/Users/tinyg/Asachiru/app/src/test/java/com/tinygc/asachiru/domain/common/ResultTest.kt:54:20 Check for instance is always 'true'
w: file:///C:/Users/tinyg/Asachiru/app/src/test/java/com/tinygc/asachiru/domain/common/ResultTest.kt:56:20 Check for instance is always 'true'
w: file:///C:/Users/tinyg/Asachiru/app/src/test/java/com/tinygc/asachiru/domain/common/ResultTest.kt:58:20 Check for instance is always 'true'
w: file:///C:/Users/tinyg/Asachiru/app/src/test/java/com/tinygc/asachiru/presentation/main/views/WeatherViewTest.kt:205:9 Name contains characters which can cause problems on Windows: %

> Task :app:processFeedwatchReleaseResources
> Task :app:compileAsachiruReleaseKotlin
> Task :app:testAsachiruDebugUnitTest
> Task :app:compileAsachiruReleaseJavaWithJavac
> Task :app:processAsachiruReleaseJavaRes
> Task :app:compileFeedwatchDebugUnitTestJavaWithJavac NO-SOURCE
> Task :app:bundleAsachiruReleaseClassesToRuntimeJar
> Task :app:bundleAsachiruReleaseClassesToCompileJar
> Task :app:processFeedwatchDebugUnitTestJavaRes

> Task :app:compileAsachiruReleaseUnitTestKotlin
w: file:///C:/Users/tinyg/Asachiru/app/src/test/java/com/tinygc/asachiru/domain/common/AppExceptionTest.kt:17:20 Check for instance is always 'true'
w: file:///C:/Users/tinyg/Asachiru/app/src/test/java/com/tinygc/asachiru/domain/common/AppExceptionTest.kt:19:20 Check for instance is always 'true'
w: file:///C:/Users/tinyg/Asachiru/app/src/test/java/com/tinygc/asachiru/domain/common/AppExceptionTest.kt:32:20 Check for instance is always 'true'
w: file:///C:/Users/tinyg/Asachiru/app/src/test/java/com/tinygc/asachiru/domain/common/AppExceptionTest.kt:46:20 Check for instance is always 'true'
w: file:///C:/Users/tinyg/Asachiru/app/src/test/java/com/tinygc/asachiru/domain/common/AppExceptionTest.kt:59:20 Check for instance is always 'true'
w: file:///C:/Users/tinyg/Asachiru/app/src/test/java/com/tinygc/asachiru/domain/common/AppExceptionTest.kt:72:20 Check for instance is always 'true'
w: file:///C:/Users/tinyg/Asachiru/app/src/test/java/com/tinygc/asachiru/domain/common/AppExceptionTest.kt:73:20 Check for instance is always 'true'
w: file:///C:/Users/tinyg/Asachiru/app/src/test/java/com/tinygc/asachiru/domain/common/AppExceptionTest.kt:74:20 Check for instance is always 'true'
w: file:///C:/Users/tinyg/Asachiru/app/src/test/java/com/tinygc/asachiru/domain/common/AppExceptionTest.kt:75:20 Check for instance is always 'true'
w: file:///C:/Users/tinyg/Asachiru/app/src/test/java/com/tinygc/asachiru/domain/common/AppExceptionTest.kt:94:24 Check for instance is always 'true'
w: file:///C:/Users/tinyg/Asachiru/app/src/test/java/com/tinygc/asachiru/domain/common/AppExceptionTest.kt:95:24 Check for instance is always 'true'
w: file:///C:/Users/tinyg/Asachiru/app/src/test/java/com/tinygc/asachiru/domain/common/ResultTest.kt:17:20 Check for instance is always 'true'
w: file:///C:/Users/tinyg/Asachiru/app/src/test/java/com/tinygc/asachiru/domain/common/ResultTest.kt:30:20 Check for instance is always 'true'
w: file:///C:/Users/tinyg/Asachiru/app/src/test/java/com/tinygc/asachiru/domain/common/ResultTest.kt:41:20 Check for instance is always 'true'
w: file:///C:/Users/tinyg/Asachiru/app/src/test/java/com/tinygc/asachiru/domain/common/ResultTest.kt:42:20 Check for instance is always 'true'
w: file:///C:/Users/tinyg/Asachiru/app/src/test/java/com/tinygc/asachiru/domain/common/ResultTest.kt:54:20 Check for instance is always 'true'
w: file:///C:/Users/tinyg/Asachiru/app/src/test/java/com/tinygc/asachiru/domain/common/ResultTest.kt:56:20 Check for instance is always 'true'
w: file:///C:/Users/tinyg/Asachiru/app/src/test/java/com/tinygc/asachiru/domain/common/ResultTest.kt:58:20 Check for instance is always 'true'
w: file:///C:/Users/tinyg/Asachiru/app/src/test/java/com/tinygc/asachiru/presentation/main/views/WeatherViewTest.kt:205:9 Name contains characters which can cause problems on Windows: %

> Task :app:testFeedwatchDebugUnitTest
> Task :app:compileAsachiruReleaseUnitTestJavaWithJavac NO-SOURCE
> Task :app:processAsachiruReleaseUnitTestJavaRes
> Task :app:testAsachiruReleaseUnitTest
> Task :app:packageFeedwatchReleaseUnitTestForUnitTest
> Task :app:generateFeedwatchReleaseUnitTestConfig
> Task :app:compileFeedwatchReleaseKotlin
> Task :app:compileFeedwatchReleaseJavaWithJavac
> Task :app:processFeedwatchReleaseJavaRes
> Task :app:bundleFeedwatchReleaseClassesToRuntimeJar
> Task :app:bundleFeedwatchReleaseClassesToCompileJar

> Task :app:compileFeedwatchReleaseUnitTestKotlin
w: file:///C:/Users/tinyg/Asachiru/app/src/test/java/com/tinygc/asachiru/domain/common/AppExceptionTest.kt:17:20 Check for instance is always 'true'
w: file:///C:/Users/tinyg/Asachiru/app/src/test/java/com/tinygc/asachiru/domain/common/AppExceptionTest.kt:19:20 Check for instance is always 'true'
w: file:///C:/Users/tinyg/Asachiru/app/src/test/java/com/tinygc/asachiru/domain/common/AppExceptionTest.kt:32:20 Check for instance is always 'true'
w: file:///C:/Users/tinyg/Asachiru/app/src/test/java/com/tinygc/asachiru/domain/common/AppExceptionTest.kt:46:20 Check for instance is always 'true'
w: file:///C:/Users/tinyg/Asachiru/app/src/test/java/com/tinygc/asachiru/domain/common/AppExceptionTest.kt:59:20 Check for instance is always 'true'
w: file:///C:/Users/tinyg/Asachiru/app/src/test/java/com/tinygc/asachiru/domain/common/AppExceptionTest.kt:72:20 Check for instance is always 'true'
w: file:///C:/Users/tinyg/Asachiru/app/src/test/java/com/tinygc/asachiru/domain/common/AppExceptionTest.kt:73:20 Check for instance is always 'true'
w: file:///C:/Users/tinyg/Asachiru/app/src/test/java/com/tinygc/asachiru/domain/common/AppExceptionTest.kt:74:20 Check for instance is always 'true'
w: file:///C:/Users/tinyg/Asachiru/app/src/test/java/com/tinygc/asachiru/domain/common/AppExceptionTest.kt:75:20 Check for instance is always 'true'
w: file:///C:/Users/tinyg/Asachiru/app/src/test/java/com/tinygc/asachiru/domain/common/AppExceptionTest.kt:94:24 Check for instance is always 'true'
w: file:///C:/Users/tinyg/Asachiru/app/src/test/java/com/tinygc/asachiru/domain/common/AppExceptionTest.kt:95:24 Check for instance is always 'true'
w: file:///C:/Users/tinyg/Asachiru/app/src/test/java/com/tinygc/asachiru/domain/common/ResultTest.kt:17:20 Check for instance is always 'true'
w: file:///C:/Users/tinyg/Asachiru/app/src/test/java/com/tinygc/asachiru/domain/common/ResultTest.kt:30:20 Check for instance is always 'true'
w: file:///C:/Users/tinyg/Asachiru/app/src/test/java/com/tinygc/asachiru/domain/common/ResultTest.kt:41:20 Check for instance is always 'true'
w: file:///C:/Users/tinyg/Asachiru/app/src/test/java/com/tinygc/asachiru/domain/common/ResultTest.kt:42:20 Check for instance is always 'true'
w: file:///C:/Users/tinyg/Asachiru/app/src/test/java/com/tinygc/asachiru/domain/common/ResultTest.kt:54:20 Check for instance is always 'true'
w: file:///C:/Users/tinyg/Asachiru/app/src/test/java/com/tinygc/asachiru/domain/common/ResultTest.kt:56:20 Check for instance is always 'true'
w: file:///C:/Users/tinyg/Asachiru/app/src/test/java/com/tinygc/asachiru/domain/common/ResultTest.kt:58:20 Check for instance is always 'true'
w: file:///C:/Users/tinyg/Asachiru/app/src/test/java/com/tinygc/asachiru/presentation/main/views/WeatherViewTest.kt:205:9 Name contains characters which can cause problems on Windows: %

> Task :app:compileFeedwatchReleaseUnitTestJavaWithJavac NO-SOURCE
> Task :app:processFeedwatchReleaseUnitTestJavaRes
> Task :app:testFeedwatchReleaseUnitTest
> Task :app:test

[Incubating] Problems report is available at: file:///C:/Users/tinyg/Asachiru/build/reports/problems/problems-report.html

Deprecated Gradle features were used in this build, making it incompatible with Gradle 9.0.

You can use '--warning-mode all' to show the individual deprecation warnings and determine if they come from your own scripts or plugins.

For more on this, please refer to https://docs.gradle.org/8.13/userguide/command_line_interface.html#sec:command_line_warnings in the Gradle documentation.

BUILD SUCCESSFUL in 2m 19s
134 actionable tasks: 49 executed, 17 from cache, 68 up-to-date
